<html>
<body>
<pre>
<h1>µVision Build Log</h1>
<h2>Tool Versions:</h2>
IDE-Version: ¦ÌVision V5.29.0.0
Copyright (C) 2019 ARM Ltd and ARM Germany GmbH. All rights reserved.
License Information: lu lu, lulu, LIC=WHYH9-4XW9X-PCEJ8-32FD2-SF48T-5MI3M
 
Tool Versions:
Toolchain:       MDK-ARM Plus  Version: 5.29.0.0
Toolchain Path:  D:\MDK\ARM\ARMCC\Bin
C Compiler:      Armcc.exe V5.06 update 6 (build 750)
Assembler:       Armasm.exe V5.06 update 6 (build 750)
Linker/Locator:  ArmLink.exe V5.06 update 6 (build 750)
Library Manager: ArmAr.exe V5.06 update 6 (build 750)
Hex Converter:   FromElf.exe V5.06 update 6 (build 750)
CPU DLL:         SARMCM3.DLL V5.29.0.0
Dialog DLL:      DCM.DLL V1.17.3.0
Target DLL:      CMSIS_AGDI.dll V1.32.0.0
Dialog DLL:      TCM.DLL V1.36.5.0
 
<h2>Project:</h2>
D:\stm32\toukui\MDK-ARM\toukui.uvprojx
Project File Date:  11/21/2022

<h2>Output:</h2>
*** Using Compiler 'V5.06 update 6 (build 750)', folder: 'D:\MDK\ARM\ARMCC\Bin'
Build target 'toukui'
compiling main.c...
../Core/Src/main.c(125): warning:  #223-D: function "sprintf" declared implicitly
  			sprintf(temp,"[m5][v1][t5]%s\r\n",Data_Obj[Data_pools.obj[Data_pools.count-1]]);
../Core/Src/main.c(126): warning:  #167-D: argument of type "char *" is incompatible with parameter of type "uint8_t *"
  			HAL_UART_Transmit(&huart1, temp, sizeof(temp),10000);
../Core/Src/main.c(127): warning:  #167-D: argument of type "char *" is incompatible with parameter of type "uint8_t *"
  			SYN_FrameInfo(temp);
../Core/Src/main.c(216): warning:  #223-D: function "sprintf" declared implicitly
  						sprintf(temp,"%d %d %s\r\n",Data_pools.count,Data_pools.obj[Data_pools.count],Data_Obj[Data_pools.obj[Data_pools.count]]);
../Core/Src/main.c(217): warning:  #167-D: argument of type "char *" is incompatible with parameter of type "uint8_t *"
  						HAL_UART_Transmit(&huart1, temp, sizeof(temp),10000);
../Core/Src/main.c(252): warning:  #223-D: function "sprintf" declared implicitly
  						sprintf(temp,"%d %d %s\r\n",Data_pools.count,Data_pools.obj[Data_pools.count],Data_Obj[Data_pools.obj[Data_pools.count]]);
../Core/Src/main.c(253): warning:  #167-D: argument of type "char *" is incompatible with parameter of type "uint8_t *"
  						HAL_UART_Transmit(&huart1, temp, sizeof(temp),10000);
../Core/Src/main.c: 7 warnings, 0 errors
linking...
Program Size: Code=5892 RO-data=440 RW-data=96 ZI-data=1264  
FromELF: creating hex file...
"toukui\toukui.axf" - 0 Error(s), 7 Warning(s).

<h2>Software Packages used:</h2>

Package Vendor: ARM
                http://www.keil.com/pack/ARM.CMSIS.5.6.0.pack
                ARM.CMSIS.5.6.0
                CMSIS (Cortex Microcontroller Software Interface Standard)
   * Component: CORE Version: 5.3.0

Package Vendor: Keil
                http://www.keil.com/pack/Keil.STM32F1xx_DFP.1.0.5.pack
                Keil.STM32F1xx_DFP.1.0.5
                STMicroelectronics STM32F1 Series Device Support, Drivers and Examples

<h2>Collection of Component include folders:</h2>
  .\RTE\_toukui
  D:\MDK\ARM\PACK\ARM\CMSIS\5.6.0\CMSIS\Core\Include
  D:\MDK\ARM\PACK\Keil\STM32F1xx_DFP\1.0.5\Device\Include

<h2>Collection of Component Files used:</h2>

   * Component: ARM::CMSIS:CORE:5.3.0
Build Time Elapsed:  00:00:02
</pre>
</body>
</html>
